14:45:58 **** Incremental Build of configuration Debug for project app ****
make all 
make --no-print-directory pre-build
a9-linaro-pre-build-step
' '
make --no-print-directory main-build
'Building file: ../src/helloworld.c'
'Invoking: ARM v7 gcc compiler'
arm-none-eabi-gcc -Wall -O0 -g3 -c -fmessage-length=0 -MT"src/helloworld.o" -mcpu=cortex-a9 -mfpu=vfpv3 -mfloat-abi=hard -IC:/Users/ap576391/Documents/Hermann/Fibo_vitis/plat/export/plat/sw/plat/standalone_domain/bspinclude/include -MMD -MP -MF"src/helloworld.d" -MT"src/helloworld.o" -o "src/helloworld.o" "../src/helloworld.c"
'Finished building: ../src/helloworld.c'
' '
'Building target: app.elf'
'Invoking: ARM v7 gcc linker'
arm-none-eabi-gcc -mcpu=cortex-a9 -mfpu=vfpv3 -mfloat-abi=hard -Wl,-build-id=none -specs=Xilinx.spec -Wl,-T -Wl,../src/lscript.ld -LC:/Users/ap576391/Documents/Hermann/Fibo_vitis/plat/export/plat/sw/plat/standalone_domain/bsplib/lib -o "app.elf"  ./src/helloworld.o ./src/platform.o   -Wl,--start-group,-lxil,-lgcc,-lc,--end-group
'Finished building target: app.elf'
' '
'Invoking: ARM v7 Print Size'
arm-none-eabi-size app.elf  |tee "app.elf.size"
   text	   data	    bss	    dec	    hex	filename
  86820	   2592	  23344	 112756	  1b874	app.elf
'Finished building: app.elf.size'
' '

14:45:59 Build Finished (took 1s.34ms)

